---
source: crates/liar-core/src/cfg/build.rs
assertion_line: 504
expression: cfg.to_dot(name)
---
digraph the_leak {
  node [shape=box];
  b0 [label="entry"];
  b1 [label="exit: return"];
  b2 [label="exit: raised"];
  b3 [label="b3 (1 stmts)"];
  b4 [label="b4 (1 stmts)"];
  b5 [label="b5 (1 stmts)"];
  b6 [label="b6"];
  b0 -> b2 [style=dashed, color=gray, label="raises"];
  b0 -> b3;
  b3 -> b2 [style=dashed, color=gray, label="raises"];
  b3 -> b4;
  b4 -> b2 [style=dashed, color=gray, label="raises"];
  b4 -> b5;
  b5 -> b1;
  b6 -> b1;
}
